Archive member included because of file (symbol)

c:/program files (x86)/gnu tools arm embedded/4.8 2014q3/bin/../lib/gcc/arm-none-eabi/4.8.4/armv7e-m/fpu\libgcc.a(_arm_addsubdf3.o)
                              ..\obj\stm32f4xx_it.o (__aeabi_dsub)
c:/program files (x86)/gnu tools arm embedded/4.8 2014q3/bin/../lib/gcc/arm-none-eabi/4.8.4/armv7e-m/fpu\libgcc.a(_arm_muldivdf3.o)
                              ..\obj\stm32f4xx_it.o (__aeabi_dmul)
c:/program files (x86)/gnu tools arm embedded/4.8 2014q3/bin/../lib/gcc/arm-none-eabi/4.8.4/armv7e-m/fpu\libgcc.a(_arm_fixunsdfsi.o)
                              ..\obj\stm32f4xx_it.o (__aeabi_d2uiz)
c:/program files (x86)/gnu tools arm embedded/4.8 2014q3/bin/../lib/gcc/arm-none-eabi/4.8.4/armv7e-m/fpu\libgcc.a(_arm_truncdfsf2.o)
                              ..\obj\stm32f4xx_it.o (__aeabi_d2f)

Allocating common symbols
Common symbol       size              file

tm_int_usb_vcp_buf_in
                    0x4               ..\obj\tm_stm32f4_usb_vcp.o
tm_int_usb_vcp_buf_num
                    0x4               ..\obj\tm_stm32f4_usb_vcp.o
DMA_InitStruct      0x3c              ..\obj\dma.o
tm_int_usb_vcp_buf_out
                    0x4               ..\obj\tm_stm32f4_usb_vcp.o
SET_TEST_MODE       0x4               ..\obj\usbd_core.o
voltage1            0x4               ..\obj\stm32f4xx_it.o
komunikat           0x14              ..\obj\stm32f4xx_it.o
ADC_CommonInitStruct
                    0x10              ..\obj\adc.o
TM_INT_USB_VCP_ReceiveBuffer
                    0x80              ..\obj\tm_stm32f4_usb_vcp.o
TIM_TimeBaseInitStructure
                    0xc               ..\obj\tim.o
temp                0x4               ..\obj\stm32f4xx_it.o
ADC_InitStruct      0x18              ..\obj\adc.o
usbd_cdc_OtherCfgDesc
                    0x43              ..\obj\usbd_cdc_core.o
voltage2            0x4               ..\obj\stm32f4xx_it.o
USB_Rx_Buffer       0x40              ..\obj\usbd_cdc_core.o
TIM_OCInitStructure
                    0x14              ..\obj\tim.o
licznik             0x1               ..\obj\main.o
GPIO_InitStructure  0x8               ..\obj\gpio.o
InputTransStruct    0x18              ..\obj\stm32f4xx_it.o
CmdBuff             0x8               ..\obj\usbd_cdc_core.o
buf                 0x18              ..\obj\stm32f4xx_it.o
USB_OTG_dev         0x5f4             ..\obj\tm_stm32f4_usb_vcp.o
TIM_ICInitStructure
                    0xa               ..\obj\tim.o
APP_Rx_Buffer       0x800             ..\obj\usbd_cdc_core.o
NVIC_InitStructure  0x4               ..\obj\nvic.o
EXTI_InitStructure  0x8               ..\obj\nvic.o
USBD_StrDesc        0xff              ..\obj\usbd_req.o
TransStruct         0x18              ..\obj\stm32f4xx_it.o

Discarded input sections

 .text          0x00000000        0x0 ..\obj\stm32f4xx_syscfg.o
 .data          0x00000000        0x0 ..\obj\stm32f4xx_syscfg.o
 .bss           0x00000000        0x0 ..\obj\stm32f4xx_syscfg.o
 .text.SYSCFG_DeInit
                0x00000000       0x1c ..\obj\stm32f4xx_syscfg.o
 .text.SYSCFG_MemoryRemapConfig
                0x00000000       0x20 ..\obj\stm32f4xx_syscfg.o
 .text.SYSCFG_ETH_MediaInterfaceConfig
                0x00000000       0x1c ..\obj\stm32f4xx_syscfg.o
 .text.SYSCFG_CompensationCellCmd
                0x00000000       0x20 ..\obj\stm32f4xx_syscfg.o
 .text.SYSCFG_GetCompensationCellStatus
                0x00000000       0x34 ..\obj\stm32f4xx_syscfg.o
 .text          0x00000000        0x0 ..\obj\usb_core.o
 .data          0x00000000        0x0 ..\obj\usb_core.o
 .bss           0x00000000        0x0 ..\obj\usb_core.o
 .text.USB_OTG_IsHostMode
                0x00000000       0x24 ..\obj\usb_core.o
 .text.USB_OTG_ReadOtgItr
                0x00000000       0x1c ..\obj\usb_core.o
 .text.USB_OTG_ActiveRemoteWakeup
                0x00000000       0x8c ..\obj\usb_core.o
 .text.USB_OTG_UngateClock
                0x00000000       0x54 ..\obj\usb_core.o
 .text.USB_OTG_StopDevice
                0x00000000       0x80 ..\obj\usb_core.o
 .text.USB_OTG_GetEPStatus
                0x00000000       0xac ..\obj\usb_core.o
 .text.USB_OTG_SetEPStatus
                0x00000000      0x12c ..\obj\usb_core.o
 .text          0x00000000        0x0 ..\obj\stm32f4xx_sdio.o
 .data          0x00000000        0x0 ..\obj\stm32f4xx_sdio.o
 .bss           0x00000000        0x0 ..\obj\stm32f4xx_sdio.o
 .text.SDIO_DeInit
                0x00000000       0x1c ..\obj\stm32f4xx_sdio.o
 .text.SDIO_Init
                0x00000000       0x5c ..\obj\stm32f4xx_sdio.o
 .text.SDIO_StructInit
                0x00000000       0x38 ..\obj\stm32f4xx_sdio.o
 .text.SDIO_ClockCmd
                0x00000000       0x20 ..\obj\stm32f4xx_sdio.o
 .text.SDIO_SetPowerState
                0x00000000       0x1c ..\obj\stm32f4xx_sdio.o
 .text.SDIO_GetPowerState
                0x00000000       0x1c ..\obj\stm32f4xx_sdio.o
 .text.SDIO_SendCommand
                0x00000000       0x58 ..\obj\stm32f4xx_sdio.o
[...]
Memory Configuration

Name             Origin             Length             Attributes
rom              0x08000000         0x00100000         xr
ram              0x20000000         0x00020000         xrw
ram1             0x10000000         0x00010000         xrw
*default*        0x00000000         0xffffffff

Linker script and memory map

                0x20020000                _eram = 0x20020000

.text           0x08000000     0x6228
 *(.isr_vector)
 .isr_vector    0x08000000      0x188 ..\obj\startup_stm32f4xx.o
                0x08000000                g_pfnVectors
 *(.text*)
 .text.SYSCFG_EXTILineConfig
                0x08000188       0x7c ..\obj\stm32f4xx_syscfg.o
                0x08000188                SYSCFG_EXTILineConfig
 .text.USB_OTG_EnableCommonInt
                0x08000204       0x44 ..\obj\usb_core.o
 .text.USB_OTG_CoreReset
                0x08000248       0x8c ..\obj\usb_core.o
 .text.USB_OTG_WritePacket
                0x080002d4       0x70 ..\obj\usb_core.o
                0x080002d4                USB_OTG_WritePacket
 .text.USB_OTG_ReadPacket
                0x08000344       0x58 ..\obj\usb_core.o
                0x08000344                USB_OTG_ReadPacket
 .text.USB_OTG_SelectCore
                0x0800039c      0x174 ..\obj\usb_core.o
                0x0800039c                USB_OTG_SelectCore
 .text.USB_OTG_CoreInit
                0x08000510      0x13c ..\obj\usb_core.o
                0x08000510                USB_OTG_CoreInit
 .text.USB_OTG_EnableGlobalInt
                0x0800064c       0x38 ..\obj\usb_core.o
                0x0800064c                USB_OTG_EnableGlobalInt
 .text.USB_OTG_DisableGlobalInt
                0x08000684       0x38 ..\obj\usb_core.o
                0x08000684                USB_OTG_DisableGlobalInt
 .text.USB_OTG_FlushTxFifo
                0x080006bc       0x74 ..\obj\usb_core.o
                0x080006bc                USB_OTG_FlushTxFifo
 .text.USB_OTG_FlushRxFifo
                0x08000730       0x60 ..\obj\usb_core.o
                0x08000730                USB_OTG_FlushRxFifo
 .text.USB_OTG_SetCurrentMode
                0x08000790       0x60 ..\obj\usb_core.o
                0x08000790                USB_OTG_SetCurrentMode
 .text.USB_OTG_GetMode
                0x080007f0       0x20 ..\obj\usb_core.o
                0x080007f0                USB_OTG_GetMode
 .text.USB_OTG_IsDeviceMode
                0x08000810       0x24 ..\obj\usb_core.o
                0x08000810                USB_OTG_IsDeviceMode
 .text.USB_OTG_ReadCoreItr
                0x08000834       0x30 ..\obj\usb_core.o
                0x08000834                USB_OTG_ReadCoreItr
 .text.USB_OTG_InitDevSpeed
                0x08000864       0x38 ..\obj\usb_core.o
                0x08000864                USB_OTG_InitDevSpeed
 .text.USB_OTG_CoreInitDev
                0x0800089c      0x280 ..\obj\usb_core.o
                0x0800089c                USB_OTG_CoreInitDev
 .text.USB_OTG_EnableDevInt
                0x08000b1c       0x98 ..\obj\usb_core.o
                0x08000b1c                USB_OTG_EnableDevInt
 .text.USB_OTG_GetDeviceSpeed
                0x08000bb4       0x48 ..\obj\usb_core.o
                0x08000bb4                USB_OTG_GetDeviceSpeed
 .text.USB_OTG_EP0Activate
                0x08000bfc       0x78 ..\obj\usb_core.o
                0x08000bfc                USB_OTG_EP0Activate
 .text.USB_OTG_EPActivate
                0x08000c74       0xdc ..\obj\usb_core.o
                0x08000c74                USB_OTG_EPActivate
 .text.USB_OTG_EPDeactivate
                0x08000d50       0x8c ..\obj\usb_core.o
                0x08000d50                USB_OTG_EPDeactivate
 .text.USB_OTG_EPStartXfer
                0x08000ddc      0x280 ..\obj\usb_core.o
                0x08000ddc                USB_OTG_EPStartXfer
 .text.USB_OTG_EP0StartXfer
                0x0800105c      0x1d4 ..\obj\usb_core.o
                0x0800105c                USB_OTG_EP0StartXfer
 .text.USB_OTG_EPSetStall
                0x08001230       0x88 ..\obj\usb_core.o
                0x08001230                USB_OTG_EPSetStall
 .text.USB_OTG_EPClearStall
                0x080012b8       0x78 ..\obj\usb_core.o
                0x080012b8                USB_OTG_EPClearStall
 .text.USB_OTG_ReadDevAllOutEp_itr
                0x08001330       0x2c ..\obj\usb_core.o
                0x08001330                USB_OTG_ReadDevAllOutEp_itr
 .text.USB_OTG_ReadDevOutEP_itr
                0x0800135c       0x38 ..\obj\usb_core.o
                0x0800135c                USB_OTG_ReadDevOutEP_itr
 .text.USB_OTG_ReadDevAllInEPItr
                0x08001394       0x2c ..\obj\usb_core.o
                0x08001394                USB_OTG_ReadDevAllInEPItr
 .text.USB_OTG_EP0_OutStart
                0x080013c0       0x70 ..\obj\usb_core.o
                0x080013c0                USB_OTG_EP0_OutStart
 .text.USBD_USR_Init
                0x08001430       0x18 ..\obj\usbd_usr.o
                0x08001430                USBD_USR_Init
 .text.USBD_USR_DeviceReset
                0x08001448       0x20 ..\obj\usbd_usr.o
                0x08001448                USBD_USR_DeviceReset
 .text.USBD_USR_DeviceConfigured
                0x08001468       0x18 ..\obj\usbd_usr.o
                0x08001468                USBD_USR_DeviceConfigured
 .text.USBD_USR_DeviceSuspended
                0x08001480       0x18 ..\obj\usbd_usr.o
                0x08001480                USBD_USR_DeviceSuspended
 .text.USBD_USR_DeviceResumed
                0x08001498       0x18 ..\obj\usbd_usr.o
                0x08001498                USBD_USR_DeviceResumed
 .text.USBD_USR_DeviceConnected
                0x080014b0       0x18 ..\obj\usbd_usr.o
                0x080014b0                USBD_USR_DeviceConnected
 .text.USBD_USR_DeviceDisconnected
                0x080014c8       0x18 ..\obj\usbd_usr.o
                0x080014c8                USBD_USR_DeviceDisconnected
 .text.TIM_Conf
                0x080014e0       0xf0 ..\obj\tim.o
                0x080014e0                TIM_Conf
 .text.Delay    0x080015d0       0x48 ..\obj\tim.o
                0x080015d0                Delay
 .text.Default_Reset_Handler
                0x08001618       0x70 ..\obj\startup_stm32f4xx.o
                0x08001618                Default_Reset_Handler
                0x08001618                Reset_Handler
 .text.Default_Handler
                0x08001688        0x8 ..\obj\startup_stm32f4xx.o
                0x08001688                RTC_Alarm_IRQHandler
                0x08001688                HASH_RNG_IRQHandler
                0x08001688                EXTI2_IRQHandler
                0x08001688                TIM8_CC_IRQHandler
                0x08001688                TIM1_CC_IRQHandler
                0x08001688                DMA2_Stream5_IRQHandler
                0x08001688                DMA1_Stream5_IRQHandler
                0x08001688                PVD_IRQHandler
                0x08001688                SDIO_IRQHandler
                0x08001688                TAMP_STAMP_IRQHandler
                0x08001688                CAN2_RX1_IRQHandler
                0x08001688                EXTI3_IRQHandler
                0x08001688                TIM8_TRG_COM_TIM14_IRQHandler
                0x08001688                TIM1_UP_TIM10_IRQHandler
                0x08001688                I2C3_ER_IRQHandler
                0x08001688                I2C2_EV_IRQHandler
                0x08001688                DMA1_Stream2_IRQHandler
                0x08001688                CAN1_RX0_IRQHandler
                0x08001688                FPU_IRQHandler
                0x08001688                OTG_HS_WKUP_IRQHandler
                0x08001688                CAN2_SCE_IRQHandler
                0x08001688                DMA2_Stream2_IRQHandler
                0x08001688                SPI1_IRQHandler
                0x08001688                TIM6_DAC_IRQHandler
                0x08001688                TIM1_BRK_TIM9_IRQHandler
                0x08001688                DCMI_IRQHandler
                0x08001688                CAN2_RX0_IRQHandler
                0x08001688                DMA2_Stream3_IRQHandler
                0x08001688                USART6_IRQHandler
                0x08001688                USART3_IRQHandler
                0x08001688                CRYP_IRQHandler
                0x08001688                CAN1_RX1_IRQHandler
                0x08001688                UART5_IRQHandler
                0x08001688                TIM4_IRQHandler
                0x08001688                I2C1_EV_IRQHandler
                0x08001688                DMA1_Stream6_IRQHandler
                0x08001688                DMA1_Stream1_IRQHandler
                0x08001688                UART4_IRQHandler
                0x08001688                RCC_IRQHandler
                0x08001688                TIM8_BRK_TIM12_IRQHandler
                0x08001688                EXTI15_10_IRQHandler
                0x08001688                ADC_IRQHandler
                0x08001688                DMA1_Stream7_IRQHandler
                0x08001688                TIM7_IRQHandler
                0x08001688                CAN2_TX_IRQHandler
                0x08001688                TIM5_IRQHandler
                0x08001688                DMA2_Stream7_IRQHandler
                0x08001688                I2C3_EV_IRQHandler
                0x08001688                EXTI9_5_IRQHandler
                0x08001688                RTC_WKUP_IRQHandler
                0x08001688                ETH_WKUP_IRQHandler
                0x08001688                SPI2_IRQHandler
                0x08001688                OTG_HS_EP1_IN_IRQHandler
                0x08001688                DMA1_Stream0_IRQHandler
                0x08001688                CAN1_TX_IRQHandler
                0x08001688                EXTI4_IRQHandler
                0x08001688                FSMC_IRQHandler
                0x08001688                ETH_IRQHandler
                0x08001688                OTG_HS_EP1_OUT_IRQHandler
                0x08001688                WWDG_IRQHandler
                0x08001688                TIM2_IRQHandler
                0x08001688                TIM1_TRG_COM_TIM11_IRQHandler
                0x08001688                OTG_HS_IRQHandler
                0x08001688                EXTI1_IRQHandler
                0x08001688                USART2_IRQHandler
                0x08001688                I2C2_ER_IRQHandler
                0x08001688                DMA2_Stream1_IRQHandler
                0x08001688                CAN1_SCE_IRQHandler
                0x08001688                FLASH_IRQHandler
                0x08001688                DMA2_Stream4_IRQHandler
                0x08001688                USART1_IRQHandler
                0x08001688                SPI3_IRQHandler
                0x08001688                DMA1_Stream4_IRQHandler
                0x08001688                I2C1_ER_IRQHandler
                0x08001688                DMA2_Stream6_IRQHandler
                0x08001688                DMA1_Stream3_IRQHandler
 .text.USBD_Init
                0x08001690       0x54 ..\obj\usbd_core.o
                0x08001690                USBD_Init
 .text.USBD_DeInit
                0x080016e4       0x18 ..\obj\usbd_core.o
                0x080016e4                USBD_DeInit
 .text.USBD_SetupStage
                0x080016fc       0x6c ..\obj\usbd_core.o
 .text.USBD_DataOutStage
                0x08001768       0xd0 ..\obj\usbd_core.o
 .text.USBD_DataInStage
                0x08001838      0x11c ..\obj\usbd_core.o
 .text.USBD_RunTestMode
                0x08001954       0x24 ..\obj\usbd_core.o
 .text.USBD_Reset
                0x08001978       0x44 ..\obj\usbd_core.o
 .text.USBD_Resume
                0x080019bc       0x30 ..\obj\usbd_core.o
 .text.USBD_Suspend
                0x080019ec       0x30 ..\obj\usbd_core.o
 .text.USBD_SOF
                0x08001a1c       0x2c ..\obj\usbd_core.o
 .text.USBD_SetCfg
                0x08001a48       0x30 ..\obj\usbd_core.o
                0x08001a48                USBD_SetCfg
 .text.USBD_ClrCfg
                0x08001a78       0x28 ..\obj\usbd_core.o
                0x08001a78                USBD_ClrCfg
 .text.USBD_IsoINIncomplete
                0x08001aa0       0x20 ..\obj\usbd_core.o
 .text.USBD_IsoOUTIncomplete
                0x08001ac0       0x20 ..\obj\usbd_core.o
 .text.main     0x08001ae0       0x48 ..\obj\main.o
                0x08001ae0                main
 .text.RCC_AHB1PeriphClockCmd
                0x08001b28       0x3c ..\obj\stm32f4xx_rcc.o
                0x08001b28                RCC_AHB1PeriphClockCmd
 .text.RCC_AHB2PeriphClockCmd
                0x08001b64       0x3c ..\obj\stm32f4xx_rcc.o
                0x08001b64                RCC_AHB2PeriphClockCmd
 .text.RCC_APB1PeriphClockCmd
                0x08001ba0       0x3c ..\obj\stm32f4xx_rcc.o
                0x08001ba0                RCC_APB1PeriphClockCmd
 .text.RCC_APB2PeriphClockCmd
                0x08001bdc       0x3c ..\obj\stm32f4xx_rcc.o
                0x08001bdc                RCC_APB2PeriphClockCmd
 .text.NMI_Handler
                0x08001c18        0xc ..\obj\stm32f4xx_it.o
                0x08001c18                NMI_Handler
 .text.HardFault_Handler
                0x08001c24        0x8 ..\obj\stm32f4xx_it.o
                0x08001c24                HardFault_Handler
 .text.MemManage_Handler
                0x08001c2c        0x8 ..\obj\stm32f4xx_it.o
                0x08001c2c                MemManage_Handler
 .text.BusFault_Handler
                0x08001c34        0x8 ..\obj\stm32f4xx_it.o
                0x08001c34                BusFault_Handler
 .text.UsageFault_Handler
                0x08001c3c        0x8 ..\obj\stm32f4xx_it.o
                0x08001c3c                UsageFault_Handler
 .text.SVC_Handler
                0x08001c44        0xc ..\obj\stm32f4xx_it.o
                0x08001c44                SVC_Handler
 .text.DebugMon_Handler
                0x08001c50        0xc ..\obj\stm32f4xx_it.o
                0x08001c50                DebugMon_Handler
 .text.PendSV_Handler
                0x08001c5c        0xc ..\obj\stm32f4xx_it.o
                0x08001c5c                PendSV_Handler
 .text.SysTick_Handler
                0x08001c68        0xc ..\obj\stm32f4xx_it.o
                0x08001c68                SysTick_Handler
 .text.TIM3_IRQHandler
                0x08001c74       0x68 ..\obj\stm32f4xx_it.o
                0x08001c74                TIM3_IRQHandler
 *fill*         0x08001cdc        0x4 
 .text.DMA2_Stream0_IRQHandler
                0x08001ce0      0x180 ..\obj\stm32f4xx_it.o
                0x08001ce0                DMA2_Stream0_IRQHandler
 .text.EXTI0_IRQHandler
                0x08001e60       0x54 ..\obj\stm32f4xx_it.o
                0x08001e60                EXTI0_IRQHandler
 *fill*         0x08001eb4        0x4 
 .text.TIM8_UP_TIM13_IRQHandler
                0x08001eb8      0x120 ..\obj\stm32f4xx_it.o
                0x08001eb8                TIM8_UP_TIM13_IRQHandler
 .text.ADC_Init
                0x08001fd8       0xa8 ..\obj\stm32f4xx_adc.o
                0x08001fd8                ADC_Init
 .text.ADC_CommonInit
                0x08002080       0x50 ..\obj\stm32f4xx_adc.o
                0x08002080                ADC_CommonInit
 .text.ADC_Cmd  0x080020d0       0x38 ..\obj\stm32f4xx_adc.o
                0x080020d0                ADC_Cmd
 .text.ADC_TempSensorVrefintCmd
                0x08002108       0x38 ..\obj\stm32f4xx_adc.o
                0x08002108                ADC_TempSensorVrefintCmd
 .text.ADC_RegularChannelConfig
                0x08002140      0x188 ..\obj\stm32f4xx_adc.o
                0x08002140                ADC_RegularChannelConfig
 .text.ADC_SoftwareStartConv
                0x080022c8       0x20 ..\obj\stm32f4xx_adc.o
                0x080022c8                ADC_SoftwareStartConv
 .text.ADC_DMACmd
                0x080022e8       0x38 ..\obj\stm32f4xx_adc.o
                0x080022e8                ADC_DMACmd
 .text.ADC_DMARequestAfterLastTransferCmd
                0x08002320       0x38 ..\obj\stm32f4xx_adc.o
                0x08002320                ADC_DMARequestAfterLastTransferCmd
 .text.GPIO_Conf
                0x08002358      0x100 ..\obj\gpio.o
                0x08002358                GPIO_Conf
 .text.USBD_USR_DeviceDescriptor
                0x08002458       0x24 ..\obj\usbd_desc.o
                0x08002458                USBD_USR_DeviceDescriptor
 .text.USBD_USR_LangIDStrDescriptor
                0x0800247c       0x24 ..\obj\usbd_desc.o
                0x0800247c                USBD_USR_LangIDStrDescriptor
 .text.USBD_USR_ProductStrDescriptor
                0x080024a0       0x28 ..\obj\usbd_desc.o
                0x080024a0                USBD_USR_ProductStrDescriptor
 .text.USBD_USR_ManufacturerStrDescriptor
                0x080024c8       0x28 ..\obj\usbd_desc.o
                0x080024c8                USBD_USR_ManufacturerStrDescriptor
 .text.USBD_USR_SerialStrDescriptor
                0x080024f0       0x28 ..\obj\usbd_desc.o
                0x080024f0                USBD_USR_SerialStrDescriptor
 .text.USBD_USR_ConfigStrDescriptor
                0x08002518       0x28 ..\obj\usbd_desc.o
                0x08002518                USBD_USR_ConfigStrDescriptor
 .text.USBD_USR_InterfaceStrDescriptor
                0x08002540       0x28 ..\obj\usbd_desc.o
                0x08002540                USBD_USR_InterfaceStrDescriptor
 .text.TM_USB_VCP_Init
                0x08002568       0x58 ..\obj\tm_stm32f4_usb_vcp.o
                0x08002568                TM_USB_VCP_Init
 .text.TM_INT_USB_VCP_AddReceived
                0x080025c0       0x5c ..\obj\tm_stm32f4_usb_vcp.o
                0x080025c0                TM_INT_USB_VCP_AddReceived
 .text.TM_USB_VCP_GetStatus
                0x0800261c       0x28 ..\obj\tm_stm32f4_usb_vcp.o
                0x0800261c                TM_USB_VCP_GetStatus
 .text.RCC_Conf
                0x08002644       0x3c ..\obj\rcc.o
                0x08002644                RCC_Conf
 .text.GPIO_Init
                0x08002680      0x11c ..\obj\stm32f4xx_gpio.o
                0x08002680                GPIO_Init
 .text.GPIO_SetBits
                0x0800279c       0x1c ..\obj\stm32f4xx_gpio.o
                0x0800279c                GPIO_SetBits
 .text.GPIO_ResetBits
                0x080027b8       0x1c ..\obj\stm32f4xx_gpio.o
                0x080027b8                GPIO_ResetBits
 .text.GPIO_ToggleBits
                0x080027d4       0x24 ..\obj\stm32f4xx_gpio.o
                0x080027d4                GPIO_ToggleBits
 .text.GPIO_PinAFConfig
                0x080027f8       0x8c ..\obj\stm32f4xx_gpio.o
                0x080027f8                GPIO_PinAFConfig
 .text.VCP_Init
                0x08002884       0x10 ..\obj\usbd_cdc_vcp.o
 .text.VCP_DeInit
                0x08002894       0x10 ..\obj\usbd_cdc_vcp.o
 .text.VCP_Ctrl
                0x080028a4      0x160 ..\obj\usbd_cdc_vcp.o
 .text.VCP_DataTx
                0x08002a04       0x60 ..\obj\usbd_cdc_vcp.o
                0x08002a04                VCP_DataTx
 .text.VCP_DataRx
                0x08002a64       0x38 ..\obj\usbd_cdc_vcp.o
                0x08002a64                VCP_DataRx
 .text.SystemInit
                0x08002a9c       0x68 ..\obj\system_stm32f4xx.o
                0x08002a9c                SystemInit
 .text.SetSysClock
                0x08002b04       0xf4 ..\obj\system_stm32f4xx.o
 .text.DMA_DeInit
                0x08002bf8      0x1a4 ..\obj\stm32f4xx_dma.o
                0x08002bf8                DMA_DeInit
 .text.DMA_Init
                0x08002d9c       0xac ..\obj\stm32f4xx_dma.o
                0x08002d9c                DMA_Init
 .text.DMA_Cmd  0x08002e48       0x38 ..\obj\stm32f4xx_dma.o
                0x08002e48                DMA_Cmd
 .text.DMA_ClearFlag
                0x08002e80       0x5c ..\obj\stm32f4xx_dma.o
                0x08002e80                DMA_ClearFlag
 .text.DMA_ITConfig
                0x08002edc       0x74 ..\obj\stm32f4xx_dma.o
                0x08002edc                DMA_ITConfig
 .text.DMA_GetITStatus
                0x08002f50       0xb0 ..\obj\stm32f4xx_dma.o
                0x08002f50                DMA_GetITStatus
 .text.ADC_Conf
                0x08003000       0xa0 ..\obj\adc.o
                0x08003000                ADC_Conf
 .text.USB_OTG_BSP_Init
                0x080030a0       0xac ..\obj\usb_bsp.o
                0x080030a0                USB_OTG_BSP_Init
 .text.USB_OTG_BSP_EnableInterrupt
                0x0800314c       0x30 ..\obj\usb_bsp.o
                0x0800314c                USB_OTG_BSP_EnableInterrupt
 .text.USB_OTG_BSP_uDelay
                0x0800317c       0x48 ..\obj\usb_bsp.o
                0x0800317c                USB_OTG_BSP_uDelay
 .text.USB_OTG_BSP_mDelay
                0x080031c4       0x20 ..\obj\usb_bsp.o
                0x080031c4                USB_OTG_BSP_mDelay
 .text.OTG_FS_WKUP_IRQHandler
                0x080031e4       0x10 ..\obj\usb_bsp.o
                0x080031e4                OTG_FS_WKUP_IRQHandler
 .text.OTG_FS_IRQHandler
                0x080031f4       0x10 ..\obj\usb_bsp.o
                0x080031f4                OTG_FS_IRQHandler
 .text.USBD_StdDevReq
                0x08003204       0xa0 ..\obj\usbd_req.o
                0x08003204                USBD_StdDevReq
 .text.USBD_StdItfReq
                0x080032a4       0x68 ..\obj\usbd_req.o
                0x080032a4                USBD_StdItfReq
 .text.USBD_StdEPReq
                0x0800330c      0x1b0 ..\obj\usbd_req.o
                0x0800330c                USBD_StdEPReq
 .text.USBD_GetDescriptor
                0x080034bc      0x1b8 ..\obj\usbd_req.o
 .text.USBD_SetAddress
                0x08003674       0x7c ..\obj\usbd_req.o
 .text.USBD_SetConfig
                0x080036f0       0xf4 ..\obj\usbd_req.o
 .text.USBD_GetConfig
                0x080037e4       0x60 ..\obj\usbd_req.o
 .text.USBD_GetStatus
                0x08003844       0x54 ..\obj\usbd_req.o
 .text.USBD_SetFeature
                0x08003898       0xd8 ..\obj\usbd_req.o
 .text.USBD_ClrFeature
                0x08003970       0x50 ..\obj\usbd_req.o
 .text.USBD_ParseSetupRequest
                0x080039c0       0x8c ..\obj\usbd_req.o
                0x080039c0                USBD_ParseSetupRequest
 .text.USBD_CtlError
                0x08003a4c       0x28 ..\obj\usbd_req.o
                0x08003a4c                USBD_CtlError
 .text.USBD_GetString
                0x08003a74       0x7c ..\obj\usbd_req.o
                0x08003a74                USBD_GetString
 .text.USBD_GetLen
                0x08003af0       0x30 ..\obj\usbd_req.o
 .text.USBD_OTG_ISR_Handler
                0x08003b20      0x15c ..\obj\usb_dcd_int.o
                0x08003b20                USBD_OTG_ISR_Handler
 .text.DCD_HandleResume_ISR
                0x08003c7c       0x80 ..\obj\usb_dcd_int.o
 .text.DCD_HandleUSBSuspend_ISR
                0x08003cfc       0xbc ..\obj\usb_dcd_int.o
 .text.DCD_HandleInEP_ISR
                0x08003db8      0x19c ..\obj\usb_dcd_int.o
 .text.DCD_HandleOutEP_ISR
                0x08003f54      0x150 ..\obj\usb_dcd_int.o
 .text.DCD_HandleSof_ISR
                0x080040a4       0x34 ..\obj\usb_dcd_int.o
 .text.DCD_HandleRxStatusQueueLevel_ISR
                0x080040d8      0x104 ..\obj\usb_dcd_int.o
 .text.DCD_WriteEmptyTxFifo
                0x080041dc       0xe4 ..\obj\usb_dcd_int.o
 .text.DCD_HandleUsbReset_ISR
                0x080042c0      0x12c ..\obj\usb_dcd_int.o
 .text.DCD_HandleEnumDone_ISR
                0x080043ec       0x78 ..\obj\usb_dcd_int.o
 .text.DCD_IsoINIncomplete_ISR
                0x08004464       0x34 ..\obj\usb_dcd_int.o
 .text.DCD_IsoOUTIncomplete_ISR
                0x08004498       0x34 ..\obj\usb_dcd_int.o
 .text.DCD_ReadDevInEP
                0x080044cc       0x50 ..\obj\usb_dcd_int.o
 .text.usbd_cdc_Init
                0x0800451c       0x6c ..\obj\usbd_cdc_core.o
 .text.usbd_cdc_DeInit
                0x08004588       0x38 ..\obj\usbd_cdc_core.o
 .text.usbd_cdc_Setup
                0x080045c0      0x12c ..\obj\usbd_cdc_core.o
 .text.usbd_cdc_EP0_RxReady
                0x080046ec       0x44 ..\obj\usbd_cdc_core.o
 .text.usbd_cdc_DataIn
                0x08004730       0x9c ..\obj\usbd_cdc_core.o
 .text.usbd_cdc_DataOut
                0x080047cc       0x94 ..\obj\usbd_cdc_core.o
 .text.usbd_cdc_SOF
                0x08004860       0x30 ..\obj\usbd_cdc_core.o
 .text.Handle_USBAsynchXfer
                0x08004890       0xd8 ..\obj\usbd_cdc_core.o
 .text.USBD_cdc_GetCfgDesc
                0x08004968       0x24 ..\obj\usbd_cdc_core.o
 .text.EXTI_Init
                0x0800498c       0xdc ..\obj\stm32f4xx_exti.o
                0x0800498c                EXTI_Init
 .text.EXTI_GetITStatus
                0x08004a68       0x48 ..\obj\stm32f4xx_exti.o
                0x08004a68                EXTI_GetITStatus
 .text.EXTI_ClearITPendingBit
                0x08004ab0       0x1c ..\obj\stm32f4xx_exti.o
                0x08004ab0                EXTI_ClearITPendingBit
 .text.NVIC_SetPriority
                0x08004acc       0x54 ..\obj\nvic.o
 .text.NVIC_Conf
                0x08004b20       0xb8 ..\obj\nvic.o
                0x08004b20                NVIC_Conf
 .text.NVIC_PriorityGroupConfig
                0x08004bd8       0x24 ..\obj\misc.o
                0x08004bd8                NVIC_PriorityGroupConfig
 .text.NVIC_Init
                0x08004bfc       0xbc ..\obj\misc.o
                0x08004bfc                NVIC_Init
 .text.DCD_Init
                0x08004cb8      0x104 ..\obj\usb_dcd.o
                0x08004cb8                DCD_Init
 .text.DCD_EP_Open
                0x08004dbc       0xa0 ..\obj\usb_dcd.o
                0x08004dbc                DCD_EP_Open
 .text.DCD_EP_Close
                0x08004e5c       0x74 ..\obj\usb_dcd.o
                0x08004e5c                DCD_EP_Close
 .text.DCD_EP_PrepareRx
                0x08004ed0       0x80 ..\obj\usb_dcd.o
                0x08004ed0                DCD_EP_PrepareRx
 .text.DCD_EP_Tx
                0x08004f50       0x78 ..\obj\usb_dcd.o
                0x08004f50                DCD_EP_Tx
 .text.DCD_EP_Stall
                0x08004fc8       0x78 ..\obj\usb_dcd.o
                0x08004fc8                DCD_EP_Stall
 .text.DCD_EP_ClrStall
                0x08005040       0x78 ..\obj\usb_dcd.o
                0x08005040                DCD_EP_ClrStall
 .text.DCD_EP_SetAddress
                0x080050b8       0x3c ..\obj\usb_dcd.o
                0x080050b8                DCD_EP_SetAddress
 .text.USBD_CtlSendData
                0x080050f4       0x40 ..\obj\usbd_ioreq.o
                0x080050f4                USBD_CtlSendData
 .text.USBD_CtlContinueSendData
                0x08005134       0x28 ..\obj\usbd_ioreq.o
                0x08005134                USBD_CtlContinueSendData
 .text.USBD_CtlPrepareRx
                0x0800515c       0x40 ..\obj\usbd_ioreq.o
                0x0800515c                USBD_CtlPrepareRx
 .text.USBD_CtlContinueRx
                0x0800519c       0x28 ..\obj\usbd_ioreq.o
                0x0800519c                USBD_CtlContinueRx
 .text.USBD_CtlSendStatus
                0x080051c4       0x30 ..\obj\usbd_ioreq.o
                0x080051c4                USBD_CtlSendStatus
 .text.USBD_CtlReceiveStatus
                0x080051f4       0x30 ..\obj\usbd_ioreq.o
                0x080051f4                USBD_CtlReceiveStatus
 .text.DMA_Conf
                0x08005224       0x84 ..\obj\dma.o
                0x08005224                DMA_Conf
 .text.TIM_TimeBaseInit
                0x080052a8       0xd4 ..\obj\stm32f4xx_tim.o
                0x080052a8                TIM_TimeBaseInit
 .text.TIM_ARRPreloadConfig
                0x0800537c       0x40 ..\obj\stm32f4xx_tim.o
                0x0800537c                TIM_ARRPreloadConfig
 .text.TIM_Cmd  0x080053bc       0x40 ..\obj\stm32f4xx_tim.o
                0x080053bc                TIM_Cmd
 .text.TIM_OC1Init
                0x080053fc       0xf4 ..\obj\stm32f4xx_tim.o
                0x080053fc                TIM_OC1Init
 .text.TIM_OC2Init
                0x080054f0      0x110 ..\obj\stm32f4xx_tim.o
                0x080054f0                TIM_OC2Init
 .text.TIM_OC3Init
                0x08005600      0x10c ..\obj\stm32f4xx_tim.o
                0x08005600                TIM_OC3Init
 .text.TIM_OC4Init
                0x0800570c       0xcc ..\obj\stm32f4xx_tim.o
                0x0800570c                TIM_OC4Init
 .text.TIM_SetCompare1
                0x080057d8       0x1c ..\obj\stm32f4xx_tim.o
                0x080057d8                TIM_SetCompare1
 .text.TIM_SetCompare2
                0x080057f4       0x1c ..\obj\stm32f4xx_tim.o
                0x080057f4                TIM_SetCompare2
 .text.TIM_SetCompare3
                0x08005810       0x1c ..\obj\stm32f4xx_tim.o
                0x08005810                TIM_SetCompare3
 .text.TIM_SetCompare4
                0x0800582c       0x1c ..\obj\stm32f4xx_tim.o
                0x0800582c                TIM_SetCompare4
 .text.TIM_CtrlPWMOutputs
                0x08005848       0x4c ..\obj\stm32f4xx_tim.o
                0x08005848                TIM_CtrlPWMOutputs
 .text.TIM_ITConfig
                0x08005894       0x48 ..\obj\stm32f4xx_tim.o
                0x08005894                TIM_ITConfig
 .text.TIM_GetITStatus
                0x080058dc       0x54 ..\obj\stm32f4xx_tim.o
                0x080058dc                TIM_GetITStatus
 .text.TIM_ClearITPendingBit
                0x08005930       0x20 ..\obj\stm32f4xx_tim.o
                0x08005930                TIM_ClearITPendingBit
 .text          0x08005950      0x370 c:/program files (x86)/gnu tools arm embedded/4.8 2014q3/bin/../lib/gcc/arm-none-eabi/4.8.4/armv7e-m/fpu\libgcc.a(_arm_addsubdf3.o)
                0x08005950                __aeabi_drsub
                0x08005958                __aeabi_dsub
                0x08005958                __subdf3
                0x0800595c                __aeabi_dadd
                0x0800595c                __adddf3
                0x08005bd4                __floatunsidf
                0x08005bd4                __aeabi_ui2d
                0x08005bf4                __floatsidf
                0x08005bf4                __aeabi_i2d
                0x08005c18                __aeabi_f2d
                0x08005c18                __extendsfdf2
                0x08005c54                __floatundidf
                0x08005c54                __aeabi_ul2d
                0x08005c64                __floatdidf
                0x08005c64                __aeabi_l2d
 .text          0x08005cc0      0x424 c:/program files (x86)/gnu tools arm embedded/4.8 2014q3/bin/../lib/gcc/arm-none-eabi/4.8.4/armv7e-m/fpu\libgcc.a(_arm_muldivdf3.o)
                0x08005cc0                __aeabi_dmul
                0x08005cc0                __muldf3
                0x08005f14                __divdf3
                0x08005f14                __aeabi_ddiv
 .text          0x080060e4       0x40 c:/program files (x86)/gnu tools arm embedded/4.8 2014q3/bin/../lib/gcc/arm-none-eabi/4.8.4/armv7e-m/fpu\libgcc.a(_arm_fixunsdfsi.o)
                0x080060e4                __aeabi_d2uiz
                0x080060e4                __fixunsdfsi
 .text          0x08006124       0xa0 c:/program files (x86)/gnu tools arm embedded/4.8 2014q3/bin/../lib/gcc/arm-none-eabi/4.8.4/armv7e-m/fpu\libgcc.a(_arm_truncdfsf2.o)
                0x08006124                __truncdfsf2
                0x08006124                __aeabi_d2f
 *(.init)
 *(.fini)
 *crtbegin.o(.ctors)
 *crtbegin?.o(.ctors)
 *(EXCLUDE_FILE(*crtend.o *crtend?.o) .ctors)
 *(SORT(.ctors.*))
 *(.ctors)
 *crtbegin.o(.dtors)
 *crtbegin?.o(.dtors)
 *(EXCLUDE_FILE(*crtend.o *crtend?.o) .dtors)
 *(SORT(.dtors.*))
 *(.dtors)
 *(.rodata*)
 .rodata        0x080061c4       0x64 ..\obj\usbd_desc.o
 *(.eh_fram e*)

.glue_7         0x08006228        0x0
 .glue_7        0x00000000        0x0 linker stubs

.glue_7t        0x08006228        0x0
 .glue_7t       0x00000000        0x0 linker stubs

.vfp11_veneer   0x08006228        0x0
 .vfp11_veneer  0x00000000        0x0 linker stubs

.v4_bx          0x08006228        0x0
 .v4_bx         0x00000000        0x0 linker stubs

.iplt           0x08006228        0x0
 .iplt          0x00000000        0x0 ..\obj\stm32f4xx_syscfg.o

.rel.dyn        0x08006228        0x0
 .rel.iplt      0x00000000        0x0 ..\obj\stm32f4xx_syscfg.o

.ARM.extab
 *(.ARM.extab* .gnu.linkonce.armextab.*)
                0x08006228                __exidx_start = .

.ARM.exidx
 *(.ARM.exidx* .gnu.linkonce.armexidx.*)
                0x08006228                __exidx_end = .
                0x08006228                __etext = .
                0x08006228                _sidata = __etext

.data           0x20000000      0x120 load address 0x08006228
                0x20000000                __data_start__ = .
                0x20000000                _sdata = __data_start__
 *(vtable)
 *(.data*)
 .data          0x20000000       0x20 ..\obj\usbd_usr.o
                0x20000000                TM_USB_VCP_INT_Status
                0x20000004                USR_cb
 .data          0x20000020       0x30 ..\obj\usbd_core.o
                0x20000020                USBD_DCD_INT_cb
                0x2000004c                USBD_DCD_INT_fops
 .data          0x20000050       0x40 ..\obj\usbd_desc.o
                0x20000050                USR_desc
                0x2000006c                USBD_DeviceDesc
                0x20000080                USBD_DeviceQualifierDesc
                0x2000008c                USBD_LangIDDesc
 .data          0x20000090       0x1c ..\obj\usbd_cdc_vcp.o
                0x20000090                linecoding
                0x20000098                VCP_fops
 .data          0x200000ac       0x74 ..\obj\usbd_cdc_core.o
                0x200000ac                usbd_cdc_CfgDesc
                0x200000f4                USBD_CDC_cb
                0x20000120                . = ALIGN (0x4)
                0x20000120                PROVIDE (__preinit_array_start, .)
 *(.preinit_array)
                0x20000120                PROVIDE (__preinit_array_end, .)
                0x20000120                . = ALIGN (0x4)
                0x20000120                PROVIDE (__init_array_start, .)
 *(SORT(.init_array.*))
 *(.init_array)
                0x20000120                PROVIDE (__init_array_end, .)
                0x20000120                . = ALIGN (0x4)
                0x20000120                PROVIDE (__fini_array_start, .)
 *(SORT(.fini_array.*))
 *(.fini_array)
                0x20000120                PROVIDE (__fini_array_end, .)
 *(.jcr*)
                0x20000120                . = ALIGN (0x4)
                0x20000120                __data_end__ = .
                0x20000120                _edata = __data_end__

.igot.plt       0x20000120        0x0 load address 0x08006348
 .igot.plt      0x00000000        0x0 ..\obj\stm32f4xx_syscfg.o

.bss            0x20000120     0x1158 load address 0x08006348
                0x20000120                . = ALIGN (0x4)
                0x20000120                __bss_start__ = .
                0x20000120                _sbss = __bss_start__
 *(.bss*)
 .bss           0x20000120        0x4 ..\obj\stm32f4xx_it.o
                0x20000120                wypelnienie
 .bss           0x20000124        0x1 ..\obj\tm_stm32f4_usb_vcp.o
                0x20000124                TM_USB_VCP_INT_Init
 *fill*         0x20000125        0x3 
 .bss           0x20000128       0x10 ..\obj\usbd_req.o
                0x20000128                USBD_ep_status
                0x2000012c                USBD_default_cfg
                0x20000130                USBD_cfg_status
 .bss           0x20000138       0x1c ..\obj\usbd_cdc_core.o
                0x2000013c                APP_Rx_ptr_in
                0x20000140                APP_Rx_ptr_out
                0x20000144                APP_Rx_length
                0x20000148                USB_Tx_State
 .bss           0x20000154        0x8 ..\obj\dma.o
                0x20000154                ADCVal
 *(COMMON)
 COMMON         0x2000015c       0x2a ..\obj\tim.o
                0x2000015c                TIM_TimeBaseInitStructure
                0x20000168                TIM_OCInitStructure
                0x2000017c                TIM_ICInitStructure
 *fill*         0x20000186        0x2 
 COMMON         0x20000188        0x4 ..\obj\usbd_core.o
                0x20000188                SET_TEST_MODE
 COMMON         0x2000018c       0x68 ..\obj\stm32f4xx_it.o
                0x2000018c                voltage1
                0x20000190                komunikat
                0x200001a4                temp
                0x200001a8                voltage2
                0x200001ac                InputTransStruct
                0x200001c4                buf
                0x200001dc                TransStruct
 COMMON         0x200001f4        0x8 ..\obj\gpio.o
                0x200001f4                GPIO_InitStructure
 COMMON         0x200001fc      0x680 ..\obj\tm_stm32f4_usb_vcp.o
                0x200001fc                tm_int_usb_vcp_buf_in
                0x20000200                tm_int_usb_vcp_buf_num
                0x20000204                tm_int_usb_vcp_buf_out
                0x20000208                TM_INT_USB_VCP_ReceiveBuffer
                0x20000288                USB_OTG_dev
 COMMON         0x2000087c       0x28 ..\obj\adc.o
                0x2000087c                ADC_CommonInitStruct
                0x2000088c                ADC_InitStruct
 COMMON         0x200008a4       0xff ..\obj\usbd_req.o
                0x200008a4                USBD_StrDesc
 *fill*         0x200009a3        0x1 
 COMMON         0x200009a4      0x88c ..\obj\usbd_cdc_core.o
                0x200009a4                usbd_cdc_OtherCfgDesc
                0x200009e8                USB_Rx_Buffer
                0x20000a28                CmdBuff
                0x20000a30                APP_Rx_Buffer
 COMMON         0x20001230        0xc ..\obj\nvic.o
                0x20001230                NVIC_InitStructure
                0x20001234                EXTI_InitStructure
 COMMON         0x2000123c       0x3c ..\obj\dma.o
                0x2000123c                DMA_InitStruct
                0x20001278                . = ALIGN (0x4)
                0x20001278                __bss_end__ = .
                0x20001278                _ebss = __bss_end__

.heap           0x20001278        0x0
                0x20001278                __end__ = .
                0x20001278                _end = __end__
                0x20001278                end = __end__
 *(.heap*)
                0x20001278                __HeapLimit = .

.co_stack       0x20001278     0x1000 load address 0x080074a0
                0x20001278                . = ALIGN (0x8)
 *(.co_stack .co_stack.*)
 .co_stack      0x20001278     0x1000 ..\obj\startup_stm32f4xx.o
                0x20001278                pulStack
                0x20020000                __StackTop = (ORIGIN (ram) + 0x20000)
                0x2001f000                __StackLimit = (__StackTop - SIZEOF (.co_stack))
                0x20020000                PROVIDE (__stack, __StackTop)
                0x00000001                ASSERT ((__StackLimit >= __HeapLimit), region ram  overflowed with stack)
LOAD ..\obj\stm32f4xx_syscfg.o
LOAD ..\obj\usb_core.o
LOAD ..\obj\stm32f4xx_sdio.o
LOAD ..\obj\stm32f4xx_cryp_aes.o
LOAD ..\obj\stm32f4xx_hash.o
LOAD ..\obj\usbd_usr.o
LOAD ..\obj\stm32f4xx_hash_sha1.o
LOAD ..\obj\stm32f4xx_usart.o
LOAD ..\obj\stm32f4xx_pwr.o
LOAD ..\obj\stm32f4xx_can.o
LOAD ..\obj\stm32f4xx_wwdg.o
LOAD ..\obj\tim.o
LOAD ..\obj\stm32f4xx_hash_md5.o
LOAD ..\obj\stm32f4xx_dac.o
LOAD ..\obj\startup_stm32f4xx.o
LOAD ..\obj\stm32f4xx_crc.o
LOAD ..\obj\stm32f4xx_iwdg.o
LOAD ..\obj\usbd_core.o
LOAD ..\obj\main.o
LOAD ..\obj\stm32f4xx_rcc.o
LOAD ..\obj\stm32f4xx_it.o
LOAD ..\obj\stm32f4xx_adc.o
LOAD ..\obj\stm32f4xx_dcmi.o
LOAD ..\obj\gpio.o
LOAD ..\obj\usbd_desc.o
LOAD ..\obj\tm_stm32f4_usb_vcp.o
LOAD ..\obj\stm32f4xx_cryp_des.o
LOAD ..\obj\stm32f4xx_cryp.o
LOAD ..\obj\stm32f4xx_fsmc.o
LOAD ..\obj\rcc.o
LOAD ..\obj\stm32f4xx_gpio.o
LOAD ..\obj\stm32f4xx_flash.o
LOAD ..\obj\usbd_cdc_vcp.o
LOAD ..\obj\system_stm32f4xx.o
LOAD ..\obj\syscalls.o
LOAD ..\obj\stm32f4xx_dma.o
LOAD ..\obj\adc.o
LOAD ..\obj\usb_bsp.o
LOAD ..\obj\usbd_req.o
LOAD ..\obj\usb_dcd_int.o
LOAD ..\obj\usbd_cdc_core.o
LOAD ..\obj\stm32f4xx_spi.o
LOAD ..\obj\stm32f4xx_i2c.o
LOAD ..\obj\stm32f4xx_rng.o
LOAD ..\obj\stm32f4xx_exti.o
LOAD ..\obj\nvic.o
LOAD ..\obj\misc.o
LOAD ..\obj\usb_dcd.o
LOAD ..\obj\stm32f4xx_rtc.o
LOAD ..\obj\usbd_ioreq.o
LOAD ..\obj\dma.o
LOAD ..\obj\stm32f4xx_cryp_tdes.o
LOAD ..\obj\stm32f4xx_tim.o
LOAD ..\obj\stm32f4xx_dbgmcu.o
LOAD c:/program files (x86)/gnu tools arm embedded/4.8 2014q3/bin/../lib/gcc/arm-none-eabi/4.8.4/../../../../arm-none-eabi/lib/armv7e-m/fpu\libm.a
LOAD c:/program files (x86)/gnu tools arm embedded/4.8 2014q3/bin/../lib/gcc/arm-none-eabi/4.8.4/armv7e-m/fpu\libgcc.a
LOAD c:/program files (x86)/gnu tools arm embedded/4.8 2014q3/bin/../lib/gcc/arm-none-eabi/4.8.4/../../../../arm-none-eabi/lib/armv7e-m/fpu\libc.a
START GROUP
LOAD c:/program files (x86)/gnu tools arm embedded/4.8 2014q3/bin/../lib/gcc/arm-none-eabi/4.8.4/armv7e-m/fpu\libgcc.a
LOAD c:/program files (x86)/gnu tools arm embedded/4.8 2014q3/bin/../lib/gcc/arm-none-eabi/4.8.4/../../../../arm-none-eabi/lib/armv7e-m/fpu\libg.a
LOAD c:/program files (x86)/gnu tools arm embedded/4.8 2014q3/bin/../lib/gcc/arm-none-eabi/4.8.4/../../../../arm-none-eabi/lib/armv7e-m/fpu\libc.a
END GROUP
OUTPUT(Project1.elf elf32-littlearm)

.debug_info     0x00000000    0x12e6b
 .debug_info    0x00000000      0x26c ..\obj\stm32f4xx_syscfg.o
 .debug_info    0x0000026c     0x248f ..\obj\usb_core.o
 .debug_info    0x000026fb      0x246 ..\obj\usbd_usr.o
 .debug_info    0x00002941      0xa74 ..\obj\tim.o
 .debug_info    0x000033b5       0xed ..\obj\startup_stm32f4xx.o
 .debug_info    0x000034a2      0xfee ..\obj\usbd_core.o
 .debug_info    0x00004490      0x241 ..\obj\main.o
 .debug_info    0x000046d1      0xc4d ..\obj\stm32f4xx_rcc.o
 .debug_info    0x0000531e      0x7a1 ..\obj\stm32f4xx_it.o
 .debug_info    0x00005abf      0xc38 ..\obj\stm32f4xx_adc.o
 .debug_info    0x000066f7      0x308 ..\obj\gpio.o
 .debug_info    0x000069ff      0x368 ..\obj\usbd_desc.o
 .debug_info    0x00006d67      0xe3d ..\obj\tm_stm32f4_usb_vcp.o
 .debug_info    0x00007ba4       0xe5 ..\obj\rcc.o
 .debug_info    0x00007c89      0x602 ..\obj\stm32f4xx_gpio.o
 .debug_info    0x0000828b      0x323 ..\obj\usbd_cdc_vcp.o
 .debug_info    0x000085ae      0x592 ..\obj\system_stm32f4xx.o
 .debug_info    0x00008b40      0x739 ..\obj\stm32f4xx_dma.o
 .debug_info    0x00009279      0x2f2 ..\obj\adc.o
 .debug_info    0x0000956b      0xffe ..\obj\usb_bsp.o
 .debug_info    0x0000a569      0xfe7 ..\obj\usbd_req.o
 .debug_info    0x0000b550     0x1dad ..\obj\usb_dcd_int.o
 .debug_info    0x0000d2fd      0xfab ..\obj\usbd_cdc_core.o
 .debug_info    0x0000e2a8      0x347 ..\obj\stm32f4xx_exti.o
 .debug_info    0x0000e5ef      0x73d ..\obj\nvic.o
 .debug_info    0x0000ed2c      0x53d ..\obj\misc.o
 .debug_info    0x0000f269     0x104b ..\obj\usb_dcd.o
 .debug_info    0x000102b4      0xce3 ..\obj\usbd_ioreq.o
 .debug_info    0x00010f97      0x273 ..\obj\dma.o
 .debug_info    0x0001120a     0x1c61 ..\obj\stm32f4xx_tim.o

.debug_abbrev   0x00000000     0x2fc0
 .debug_abbrev  0x00000000      0x131 ..\obj\stm32f4xx_syscfg.o
 .debug_abbrev  0x00000131      0x2e9 ..\obj\usb_core.o
 .debug_abbrev  0x0000041a      0x10f ..\obj\usbd_usr.o
 .debug_abbrev  0x00000529      0x1cd ..\obj\tim.o
 .debug_abbrev  0x000006f6       0xb0 ..\obj\startup_stm32f4xx.o
 .debug_abbrev  0x000007a6      0x277 ..\obj\usbd_core.o
 .debug_abbrev  0x00000a1d      0x10e ..\obj\main.o
 .debug_abbrev  0x00000b2b      0x1e3 ..\obj\stm32f4xx_rcc.o
 .debug_abbrev  0x00000d0e      0x1a7 ..\obj\stm32f4xx_it.o
 .debug_abbrev  0x00000eb5      0x196 ..\obj\stm32f4xx_adc.o
 .debug_abbrev  0x0000104b      0x148 ..\obj\gpio.o
 .debug_abbrev  0x00001193      0x103 ..\obj\usbd_desc.o
 .debug_abbrev  0x00001296      0x214 ..\obj\tm_stm32f4_usb_vcp.o
 .debug_abbrev  0x000014aa       0x7d ..\obj\rcc.o
 .debug_abbrev  0x00001527      0x1a3 ..\obj\stm32f4xx_gpio.o
 .debug_abbrev  0x000016ca      0x17b ..\obj\usbd_cdc_vcp.o
 .debug_abbrev  0x00001845      0x136 ..\obj\system_stm32f4xx.o
 .debug_abbrev  0x0000197b      0x155 ..\obj\stm32f4xx_dma.o
 .debug_abbrev  0x00001ad0       0xe2 ..\obj\adc.o
 .debug_abbrev  0x00001bb2      0x204 ..\obj\usb_bsp.o
 .debug_abbrev  0x00001db6      0x2a6 ..\obj\usbd_req.o
 .debug_abbrev  0x0000205c      0x25d ..\obj\usb_dcd_int.o
 .debug_abbrev  0x000022b9      0x224 ..\obj\usbd_cdc_core.o
 .debug_abbrev  0x000024dd      0x1a5 ..\obj\stm32f4xx_exti.o
 .debug_abbrev  0x00002682      0x172 ..\obj\nvic.o
 .debug_abbrev  0x000027f4      0x145 ..\obj\misc.o
 .debug_abbrev  0x00002939      0x25b ..\obj\usb_dcd.o
 .debug_abbrev  0x00002b94      0x1b1 ..\obj\usbd_ioreq.o
 .debug_abbrev  0x00002d45       0xf4 ..\obj\dma.o
 .debug_abbrev  0x00002e39      0x187 ..\obj\stm32f4xx_tim.o

.debug_aranges  0x00000000      0xf50
 .debug_aranges
                0x00000000       0x48 ..\obj\stm32f4xx_syscfg.o
 .debug_aranges
                0x00000048      0x138 ..\obj\usb_core.o
 .debug_aranges
                0x00000180       0x58 ..\obj\usbd_usr.o
 .debug_aranges
                0x000001d8       0x40 ..\obj\tim.o
 .debug_aranges
                0x00000218       0x28 ..\obj\startup_stm32f4xx.o
 .debug_aranges
                0x00000240       0x88 ..\obj\usbd_core.o
 .debug_aranges
                0x000002c8       0x20 ..\obj\main.o
 .debug_aranges
                0x000002e8      0x178 ..\obj\stm32f4xx_rcc.o
 .debug_aranges
                0x00000460       0x80 ..\obj\stm32f4xx_it.o
 .debug_aranges
                0x000004e0      0x148 ..\obj\stm32f4xx_adc.o
 .debug_aranges
                0x00000628       0x28 ..\obj\gpio.o
 .debug_aranges
                0x00000650       0x50 ..\obj\usbd_desc.o
 .debug_aranges
                0x000006a0       0x70 ..\obj\tm_stm32f4_usb_vcp.o
 .debug_aranges
                0x00000710       0x20 ..\obj\rcc.o
 .debug_aranges
                0x00000730       0x88 ..\obj\stm32f4xx_gpio.o
 .debug_aranges
                0x000007b8       0x40 ..\obj\usbd_cdc_vcp.o
 .debug_aranges
                0x000007f8       0x30 ..\obj\system_stm32f4xx.o
 .debug_aranges
                0x00000828       0xb0 ..\obj\stm32f4xx_dma.o
 .debug_aranges
                0x000008d8       0x20 ..\obj\adc.o
 .debug_aranges
                0x000008f8       0x48 ..\obj\usb_bsp.o
 .debug_aranges
                0x00000940       0x88 ..\obj\usbd_req.o
 .debug_aranges
                0x000009c8       0x80 ..\obj\usb_dcd_int.o
 .debug_aranges
                0x00000a48       0x60 ..\obj\usbd_cdc_core.o
 .debug_aranges
                0x00000aa8       0x58 ..\obj\stm32f4xx_exti.o
 .debug_aranges
                0x00000b00       0x28 ..\obj\nvic.o
 .debug_aranges
                0x00000b28       0x40 ..\obj\misc.o
 .debug_aranges
                0x00000b68       0x80 ..\obj\usb_dcd.o
 .debug_aranges
                0x00000be8       0x50 ..\obj\usbd_ioreq.o
 .debug_aranges
                0x00000c38       0x20 ..\obj\dma.o
 .debug_aranges
                0x00000c58      0x2f8 ..\obj\stm32f4xx_tim.o

.debug_ranges   0x00000000      0xd70
 .debug_ranges  0x00000000       0x38 ..\obj\stm32f4xx_syscfg.o
 .debug_ranges  0x00000038      0x128 ..\obj\usb_core.o
 .debug_ranges  0x00000160       0x48 ..\obj\usbd_usr.o
 .debug_ranges  0x000001a8       0x30 ..\obj\tim.o
 .debug_ranges  0x000001d8       0x18 ..\obj\startup_stm32f4xx.o
 .debug_ranges  0x000001f0       0x78 ..\obj\usbd_core.o
 .debug_ranges  0x00000268       0x10 ..\obj\main.o
 .debug_ranges  0x00000278      0x168 ..\obj\stm32f4xx_rcc.o
 .debug_ranges  0x000003e0       0x70 ..\obj\stm32f4xx_it.o
 .debug_ranges  0x00000450      0x138 ..\obj\stm32f4xx_adc.o
 .debug_ranges  0x00000588       0x18 ..\obj\gpio.o
 .debug_ranges  0x000005a0       0x40 ..\obj\usbd_desc.o
 .debug_ranges  0x000005e0       0x60 ..\obj\tm_stm32f4_usb_vcp.o
 .debug_ranges  0x00000640       0x10 ..\obj\rcc.o
 .debug_ranges  0x00000650       0x78 ..\obj\stm32f4xx_gpio.o
 .debug_ranges  0x000006c8       0x30 ..\obj\usbd_cdc_vcp.o
 .debug_ranges  0x000006f8       0x20 ..\obj\system_stm32f4xx.o
 .debug_ranges  0x00000718       0xa0 ..\obj\stm32f4xx_dma.o
 .debug_ranges  0x000007b8       0x10 ..\obj\adc.o
 .debug_ranges  0x000007c8       0x38 ..\obj\usb_bsp.o
 .debug_ranges  0x00000800       0x78 ..\obj\usbd_req.o
 .debug_ranges  0x00000878       0x70 ..\obj\usb_dcd_int.o
 .debug_ranges  0x000008e8       0x50 ..\obj\usbd_cdc_core.o
 .debug_ranges  0x00000938       0x48 ..\obj\stm32f4xx_exti.o
 .debug_ranges  0x00000980       0x18 ..\obj\nvic.o
 .debug_ranges  0x00000998       0x30 ..\obj\misc.o
 .debug_ranges  0x000009c8       0x70 ..\obj\usb_dcd.o
 .debug_ranges  0x00000a38       0x40 ..\obj\usbd_ioreq.o
 .debug_ranges  0x00000a78       0x10 ..\obj\dma.o
 .debug_ranges  0x00000a88      0x2e8 ..\obj\stm32f4xx_tim.o

.debug_line     0x00000000     0x6d23
 .debug_line    0x00000000      0x2b0 ..\obj\stm32f4xx_syscfg.o
 .debug_line    0x000002b0      0x708 ..\obj\usb_core.o
 .debug_line    0x000009b8      0x2a6 ..\obj\usbd_usr.o
 .debug_line    0x00000c5e      0x321 ..\obj\tim.o
 .debug_line    0x00000f7f       0xac ..\obj\startup_stm32f4xx.o
 .debug_line    0x0000102b      0x375 ..\obj\usbd_core.o
 .debug_line    0x000013a0      0x23c ..\obj\main.o
 .debug_line    0x000015dc      0x662 ..\obj\stm32f4xx_rcc.o
 .debug_line    0x00001c3e      0x345 ..\obj\stm32f4xx_it.o
 .debug_line    0x00001f83      0x61a ..\obj\stm32f4xx_adc.o
 .debug_line    0x0000259d      0x2e5 ..\obj\gpio.o
 .debug_line    0x00002882      0x253 ..\obj\usbd_desc.o
 .debug_line    0x00002ad5      0x3a4 ..\obj\tm_stm32f4_usb_vcp.o
 .debug_line    0x00002e79      0x21e ..\obj\rcc.o
 .debug_line    0x00003097      0x407 ..\obj\stm32f4xx_gpio.o
 .debug_line    0x0000349e      0x27b ..\obj\usbd_cdc_vcp.o
 .debug_line    0x00003719      0x295 ..\obj\system_stm32f4xx.o
 .debug_line    0x000039ae      0x4a4 ..\obj\stm32f4xx_dma.o
 .debug_line    0x00003e52      0x2a7 ..\obj\adc.o
 .debug_line    0x000040f9      0x352 ..\obj\usb_bsp.o
 .debug_line    0x0000444b      0x40b ..\obj\usbd_req.o
 .debug_line    0x00004856      0x404 ..\obj\usb_dcd_int.o
 .debug_line    0x00004c5a      0x3b6 ..\obj\usbd_cdc_core.o
 .debug_line    0x00005010      0x36d ..\obj\stm32f4xx_exti.o
 .debug_line    0x0000537d      0x2d1 ..\obj\nvic.o
 .debug_line    0x0000564e      0x30d ..\obj\misc.o
 .debug_line    0x0000595b      0x387 ..\obj\usb_dcd.o
 .debug_line    0x00005ce2      0x271 ..\obj\usbd_ioreq.o
 .debug_line    0x00005f53      0x2a3 ..\obj\dma.o
 .debug_line    0x000061f6      0xb2d ..\obj\stm32f4xx_tim.o

.debug_str      0x00000000     0x5784
 .debug_str     0x00000000      0x2f2 ..\obj\stm32f4xx_syscfg.o
                                0x350 (size before relaxing)
 .debug_str     0x000002f2     0x12ba ..\obj\usb_core.o
                               0x172a (size before relaxing)
 .debug_str     0x000015ac      0x214 ..\obj\usbd_usr.o
                                0x45e (size before relaxing)
 .debug_str     0x000017c0      0x8bc ..\obj\tim.o
                                0xacb (size before relaxing)
 .debug_str     0x0000207c       0xb9 ..\obj\startup_stm32f4xx.o
                                0x17c (size before relaxing)
 .debug_str     0x00002135      0x1d1 ..\obj\usbd_core.o
                                0xc42 (size before relaxing)
 .debug_str     0x00002306       0xa3 ..\obj\main.o
                                0x35a (size before relaxing)
 .debug_str     0x000023a9      0x666 ..\obj\stm32f4xx_rcc.o
                                0x8ac (size before relaxing)
 .debug_str     0x00002a0f      0x26d ..\obj\stm32f4xx_it.o
                                0x584 (size before relaxing)
 .debug_str     0x00002c7c      0x619 ..\obj\stm32f4xx_adc.o
                                0x860 (size before relaxing)
 .debug_str     0x00003295      0x1d2 ..\obj\gpio.o
                                0x3f7 (size before relaxing)
 .debug_str     0x00003467      0x186 ..\obj\usbd_desc.o
                                0x430 (size before relaxing)
 .debug_str     0x000035ed      0x254 ..\obj\tm_stm32f4_usb_vcp.o
                                0xcde (size before relaxing)
 .debug_str     0x00003841       0x53 ..\obj\rcc.o
                                0x228 (size before relaxing)
 .debug_str     0x00003894      0x1c8 ..\obj\stm32f4xx_gpio.o
                                0x4ff (size before relaxing)
 .debug_str     0x00003a5c      0x116 ..\obj\usbd_cdc_vcp.o
                                0x363 (size before relaxing)
 .debug_str     0x00003b72       0xd5 ..\obj\system_stm32f4xx.o
                                0x3e7 (size before relaxing)
 .debug_str     0x00003c47      0x392 ..\obj\stm32f4xx_dma.o
                                0x59e (size before relaxing)
 .debug_str     0x00003fd9       0x4a ..\obj\adc.o
                                0x3b1 (size before relaxing)
 .debug_str     0x00004023      0x173 ..\obj\usb_bsp.o
                               0x119b (size before relaxing)
 .debug_str     0x00004196      0x18e ..\obj\usbd_req.o
                                0xbce (size before relaxing)
 .debug_str     0x00004324      0x2be ..\obj\usb_dcd_int.o
                               0x139f (size before relaxing)
 .debug_str     0x000045e2      0x1c1 ..\obj\usbd_cdc_core.o
                                0xc5d (size before relaxing)
 .debug_str     0x000047a3      0x1fd ..\obj\stm32f4xx_exti.o
                                0x3b5 (size before relaxing)
 .debug_str     0x000049a0       0x68 ..\obj\nvic.o
                                0x98d (size before relaxing)
 .debug_str     0x00004a08      0x13c ..\obj\misc.o
                                0x42a (size before relaxing)
 .debug_str     0x00004b44      0x134 ..\obj\usb_dcd.o
                                0xbf2 (size before relaxing)
 .debug_str     0x00004c78       0xee ..\obj\usbd_ioreq.o
                                0xa7e (size before relaxing)
 .debug_str     0x00004d66       0x4a ..\obj\dma.o
                                0x37a (size before relaxing)
 .debug_str     0x00004db0      0x9d4 ..\obj\stm32f4xx_tim.o
                                0xe2c (size before relaxing)

.comment        0x00000000       0x70
 .comment       0x00000000       0x70 ..\obj\stm32f4xx_syscfg.o
                                 0x71 (size before relaxing)
 .comment       0x00000000       0x71 ..\obj\usb_core.o
 .comment       0x00000000       0x71 ..\obj\usbd_usr.o
 .comment       0x00000000       0x71 ..\obj\tim.o
 .comment       0x00000000       0x71 ..\obj\startup_stm32f4xx.o
 .comment       0x00000000       0x71 ..\obj\usbd_core.o
 .comment       0x00000000       0x71 ..\obj\main.o
 .comment       0x00000000       0x71 ..\obj\stm32f4xx_rcc.o
 .comment       0x00000000       0x71 ..\obj\stm32f4xx_it.o
 .comment       0x00000000       0x71 ..\obj\stm32f4xx_adc.o
 .comment       0x00000000       0x71 ..\obj\gpio.o
 .comment       0x00000000       0x71 ..\obj\usbd_desc.o
 .comment       0x00000000       0x71 ..\obj\tm_stm32f4_usb_vcp.o
 .comment       0x00000000       0x71 ..\obj\rcc.o
 .comment       0x00000000       0x71 ..\obj\stm32f4xx_gpio.o
 .comment       0x00000000       0x71 ..\obj\usbd_cdc_vcp.o
 .comment       0x00000000       0x71 ..\obj\system_stm32f4xx.o
 .comment       0x00000000       0x71 ..\obj\stm32f4xx_dma.o
 .comment       0x00000000       0x71 ..\obj\adc.o
 .comment       0x00000000       0x71 ..\obj\usb_bsp.o
 .comment       0x00000000       0x71 ..\obj\usbd_req.o
 .comment       0x00000000       0x71 ..\obj\usb_dcd_int.o
 .comment       0x00000000       0x71 ..\obj\usbd_cdc_core.o
 .comment       0x00000000       0x71 ..\obj\stm32f4xx_exti.o
 .comment       0x00000000       0x71 ..\obj\nvic.o
 .comment       0x00000000       0x71 ..\obj\misc.o
 .comment       0x00000000       0x71 ..\obj\usb_dcd.o
 .comment       0x00000000       0x71 ..\obj\usbd_ioreq.o
 .comment       0x00000000       0x71 ..\obj\dma.o
 .comment       0x00000000       0x71 ..\obj\stm32f4xx_tim.o

.ARM.attributes
                0x00000000       0x39
 .ARM.attributes
                0x00000000       0x39 ..\obj\stm32f4xx_syscfg.o
 .ARM.attributes
                0x00000039       0x39 ..\obj\usb_core.o
 .ARM.attributes
                0x00000072       0x39 ..\obj\usbd_usr.o
 .ARM.attributes
                0x000000ab       0x39 ..\obj\tim.o
 .ARM.attributes
                0x000000e4       0x39 ..\obj\startup_stm32f4xx.o
 .ARM.attributes
                0x0000011d       0x39 ..\obj\usbd_core.o
 .ARM.attributes
                0x00000156       0x39 ..\obj\main.o
 .ARM.attributes
                0x0000018f       0x39 ..\obj\stm32f4xx_rcc.o
 .ARM.attributes
                0x000001c8       0x39 ..\obj\stm32f4xx_it.o
 .ARM.attributes
                0x00000201       0x39 ..\obj\stm32f4xx_adc.o
 .ARM.attributes
                0x0000023a       0x39 ..\obj\gpio.o
 .ARM.attributes
                0x00000273       0x39 ..\obj\usbd_desc.o
 .ARM.attributes
                0x000002ac       0x39 ..\obj\tm_stm32f4_usb_vcp.o
 .ARM.attributes
                0x000002e5       0x39 ..\obj\rcc.o
 .ARM.attributes
                0x0000031e       0x39 ..\obj\stm32f4xx_gpio.o
 .ARM.attributes
                0x00000357       0x39 ..\obj\usbd_cdc_vcp.o
 .ARM.attributes
                0x00000390       0x39 ..\obj\system_stm32f4xx.o
 .ARM.attributes
                0x000003c9       0x39 ..\obj\stm32f4xx_dma.o
 .ARM.attributes
                0x00000402       0x39 ..\obj\adc.o
 .ARM.attributes
                0x0000043b       0x39 ..\obj\usb_bsp.o
 .ARM.attributes
                0x00000474       0x39 ..\obj\usbd_req.o
 .ARM.attributes
                0x000004ad       0x39 ..\obj\usb_dcd_int.o
 .ARM.attributes
                0x000004e6       0x39 ..\obj\usbd_cdc_core.o
 .ARM.attributes
                0x0000051f       0x39 ..\obj\stm32f4xx_exti.o
 .ARM.attributes
                0x00000558       0x39 ..\obj\nvic.o
 .ARM.attributes
                0x00000591       0x39 ..\obj\misc.o
 .ARM.attributes
                0x000005ca       0x39 ..\obj\usb_dcd.o
 .ARM.attributes
                0x00000603       0x39 ..\obj\usbd_ioreq.o
 .ARM.attributes
                0x0000063c       0x39 ..\obj\dma.o
 .ARM.attributes
                0x00000675       0x39 ..\obj\stm32f4xx_tim.o
 .ARM.attributes
                0x000006ae       0x22 c:/program files (x86)/gnu tools arm embedded/4.8 2014q3/bin/../lib/gcc/arm-none-eabi/4.8.4/armv7e-m/fpu\libgcc.a(_arm_addsubdf3.o)
 .ARM.attributes
                0x000006d0       0x22 c:/program files (x86)/gnu tools arm embedded/4.8 2014q3/bin/../lib/gcc/arm-none-eabi/4.8.4/armv7e-m/fpu\libgcc.a(_arm_muldivdf3.o)
 .ARM.attributes
                0x000006f2       0x22 c:/program files (x86)/gnu tools arm embedded/4.8 2014q3/bin/../lib/gcc/arm-none-eabi/4.8.4/armv7e-m/fpu\libgcc.a(_arm_fixunsdfsi.o)
 .ARM.attributes
                0x00000714       0x22 c:/program files (x86)/gnu tools arm embedded/4.8 2014q3/bin/../lib/gcc/arm-none-eabi/4.8.4/armv7e-m/fpu\libgcc.a(_arm_truncdfsf2.o)

.debug_frame    0x00000000     0x2ecc
 .debug_frame   0x00000000       0xbc ..\obj\stm32f4xx_syscfg.o
 .debug_frame   0x000000bc      0x434 ..\obj\usb_core.o
 .debug_frame   0x000004f0       0xd4 ..\obj\usbd_usr.o
 .debug_frame   0x000005c4       0xa0 ..\obj\tim.o
 .debug_frame   0x00000664       0x48 ..\obj\startup_stm32f4xx.o
 .debug_frame   0x000006ac      0x1c8 ..\obj\usbd_core.o
 .debug_frame   0x00000874       0x2c ..\obj\main.o
 .debug_frame   0x000008a0      0x4d8 ..\obj\stm32f4xx_rcc.o
 .debug_frame   0x00000d78      0x15c ..\obj\stm32f4xx_it.o
 .debug_frame   0x00000ed4      0x434 ..\obj\stm32f4xx_adc.o
 .debug_frame   0x00001308       0x4c ..\obj\gpio.o
 .debug_frame   0x00001354       0xe8 ..\obj\usbd_desc.o
 .debug_frame   0x0000143c      0x148 ..\obj\tm_stm32f4_usb_vcp.o
 .debug_frame   0x00001584       0x2c ..\obj\rcc.o
 .debug_frame   0x000015b0      0x19c ..\obj\stm32f4xx_gpio.o
 .debug_frame   0x0000174c       0x98 ..\obj\usbd_cdc_vcp.o
 .debug_frame   0x000017e4       0x64 ..\obj\system_stm32f4xx.o
 .debug_frame   0x00001848      0x224 ..\obj\stm32f4xx_dma.o
 .debug_frame   0x00001a6c       0x2c ..\obj\adc.o
 .debug_frame   0x00001a98       0xc4 ..\obj\usb_bsp.o
 .debug_frame   0x00001b5c      0x1c8 ..\obj\usbd_req.o
 .debug_frame   0x00001d24      0x1ac ..\obj\usb_dcd_int.o
 .debug_frame   0x00001ed0      0x12c ..\obj\usbd_cdc_core.o
 .debug_frame   0x00001ffc       0xec ..\obj\stm32f4xx_exti.o
 .debug_frame   0x000020e8       0x48 ..\obj\nvic.o
 .debug_frame   0x00002130       0x9c ..\obj\misc.o
 .debug_frame   0x000021cc      0x1ac ..\obj\usb_dcd.o
 .debug_frame   0x00002378       0xec ..\obj\usbd_ioreq.o
 .debug_frame   0x00002464       0x2c ..\obj\dma.o
 .debug_frame   0x00002490      0xa3c ..\obj\stm32f4xx_tim.o
